{'a': {'b': 0.3, 'c': 0.3, 'd': 0.3, 'f': 0.3}, 'f': 2.3, 'd': 0.3}