{'a': {'b': 0.25, 'c': 0.25, 'd': 0.25, 'f': 0.25}, 'f': 0.375, 'd': 0.125}