{'a': {'b': {'c': 0.3333333333333333, 'value': 0.3333333333333333}, 'value': 0.3333333333333333}}