{'a': {' ': {'a': 2, 'b': 0, ' ': 0}, 'a': {' ': 1, 'b': 0, 'a': 0}, 'b': {' ': 1, 'b': 0, 'a': 0}}, ' ': {'a': {'a': 1, 'b': 2, ' ': 0}}, 'b': {' ': {'a': 1, 'b': 0, ' ': 0}}}