{'a': {' ': {'a': 0.8750000000000001, 'b': 0.04166666666666667, 'c': 0.04166666666666667, ' ': 0.04166666666666667}, 'a': {' ': 0.7857142857142858, 'b': 0.07142857142857144, 'c': 0.07142857142857144, 'a': 0.07142857142857144}, 'b': {' ': 0.7857142857142858, 'b': 0.07142857142857144, 'c': 0.07142857142857144, 'a': 0.07142857142857144}, 'c': {' ': 0.7857142857142858, 'b': 0.07142857142857144, 'c': 0.07142857142857144, 'a': 0.07142857142857144}}, ' ': {'a': {'a': 0.3235294117647059, 'b': 0.3235294117647059, 'c': 0.3235294117647059, ' ': 0.029411764705882356}}, 'b': {' ': {'a': 0.7857142857142858, 'b': 0.07142857142857144, 'c': 0.07142857142857144, ' ': 0.07142857142857144}