{'A': {'T': {'G': 1, 'T': 0, 'A': 0}}, 'T': {'G': {'T': 1, 'G': 0, 'A': 0}}, 'G': {'T': {'G': 1, 'T': 0, 'A': 0}}}