{'a': {'': 0.25, 'a': {'': 0.25}, 'b': {'': 0.5}}}