{'a': {' ': {'a': 0.47826086956521746, 'b': 0.47826086956521746, ' ': 0.04347826086956522}, 'a': {' ': 0.8461538461538461, 'b': 0.07692307692307693, 'a': 0.07692307692307693}}, ' ': {'a': {'a': 0.8461538461538461, 'b': 0.07692307692307693, ' ': 0.07692307692307693}}}