{'a': {' ': {'a': 2, 'b': 0, 'c': 0, ' ': 0}, 'a': {' ': 1, 'b': 0, 'c': 0, 'a': 0}, 'b': {' ': 1, 'b': 0, 'c': 0, 'a': 0}, 'c': {' ': 1, 'b': 0, 'c': 0, 'a': 0}}, ' ': {'a': {'a': 1, 'b': 1, 'c': 1, ' ': 0}}, 'b': {' ': {'a': 1, 'b': 0, 'c': 0, ' ': 0}}, 'c': {' ': {'b': 1, 'c': 0, ' ': 0, 'a': 0}}}