{'a': {' ': {'a': 1, ' ': 0, 'c': 0, 'b': 0}, 'b': {' ': 1, 'c': 1, 'a': 0, 'b': 0}}, ' ': {'a': {'b': 2, 'a': 0, ' ': 0, 'c': 0}}, 'b': {' ': {'a': 1, ' ': 0, 'c': 0, 'b': 0}}}