{'A': {'T': {'G': 0.8461538461538461, 'T': 0.07692307692307693, 'A': 0.07692307692307693}}, 'T': {'G': {'T': 0.8461538461538461, 'G': 0.07692307692307693, 'A': 0.07692307692307693}}, 'G': {'T': {'G': 0.8461538461538461, 'T': 0.07692307692307693, 'A': 0.07692307692307693}}}