{'a': {' ': {'a': 1, 'b': 1, ' ': 0}, 'a': {' ': 1, 'b': 0, 'a': 0}}, ' ': {'a': {'a': 1, 'b': 0, ' ': 0}}}