{'a': {' ': {'a': 0.9130434782608696, 'b': 0.04347826086956522, ' ': 0.04347826086956522}, 'a': {' ': 0.8461538461538461, 'b': 0.07692307692307693, 'a': 0.07692307692307693}, 'b': {' ': 0.8461538461538461, 'b': 0.07692307692307693, 'a': 0.07692307692307693}}, ' ': {'a': {'a': 0.33333333333333337, 'b': 0.6363636363636365, ' ': 0.030303030303030307}}, 'b': {' ': {'a': 0.8461538461538461, 'b': 0.07692307692307693, ' ': 0.07692307692307693}}}
